// Jest Snapshot v1, https://goo.gl/fbAQLP

exports[`Input component renders correctly 1`] = `ShallowWrapper {}`;
