// Jest Snapshot v1, https://goo.gl/fbAQLP

exports[`ChatSettings component renders correctly 1`] = `ShallowWrapper {}`;
