// Jest Snapshot v1, https://goo.gl/fbAQLP

exports[`Controls component renders correctly 1`] = `
<div
  className="controls"
>
  <div
    className="controls__wrapper"
  >
    <div
      className="status"
    >
      <div
        className="status__status-mobile status__status-mobile_offline"
      />
      <p
        className="status__status"
      >
        Status:
         
        <span
          className="status__value status__value_offline"
        >
          offline
        </span>
      </p>
    </div>
    <div
      className="theme-control"
    >
      <button
        className="theme-control__button-mobile"
        onClick={[Function]}
        type="button"
      >
        <img
          alt="Theme choose icon"
          src="rainbow.png"
          width={25}
        />
      </button>
      <button
        className="theme-control__button"
        onClick={[Function]}
        type="button"
      >
        settings
      </button>
    </div>
    <span
      className="user-name"
    >
      
    </span>
    <div
      className="logout"
    >
      <button
        className="logout__button-mobile"
        onClick={[Function]}
        type="button"
      >
        <img
          alt="Logout Icon"
          src="logout.png"
          width={20}
        />
      </button>
      <button
        className="logout__button"
        onClick={[Function]}
        type="button"
      >
        logout
      </button>
    </div>
  </div>
</div>
`;
