// Jest Snapshot v1, https://goo.gl/fbAQLP

exports[`ThemeControl component renders correctly 1`] = `ShallowWrapper {}`;
