// Jest Snapshot v1, https://goo.gl/fbAQLP

exports[`Messages component renders correctly 1`] = `ShallowWrapper {}`;
